MySQL Shell 8.0.43

Copyright (c) 2016, 2025, Oracle and/or its affiliates.
Oracle is a registered trademark of Oracle Corporation and/or its affiliates.
Other names may be trademarks of their respective owners.

Type '\help' or '\?' for help; '\quit' to exit.
 MySQL  JS > \sql
Switching to SQL mode... Commands end with ;
 MySQL  SQL > \c --mc root@localhost
Creating a Classic session to 'root@localhost'
Fetching global names for auto-completion... Press ^C to stop.
Your MySQL connection id is 8
Server version: 8.0.43 MySQL Community Server - GPL
No default schema selected; type \use <schema> to set one.
 MySQL  localhost:3306 ssl  SQL > SHOW DATABASES;
+--------------------+
| Database           |
+--------------------+
| creditcards        |
| examenpractico_1   |
| humanresources     |
| information_schema |
| mysql              |
| orders             |
| performance_schema |
| prueba_tbd         |
| sakila             |
| sys                |
| tbd1               |
| tbd2               |
| world              |
+--------------------+
13 rows in set (0.0019 sec)
 MySQL  localhost:3306 ssl  SQL > USE tbd2;
Default schema set to `tbd2`.
Fetching global names, object names from `tbd2` for auto-completion... Press ^C to stop.
 MySQL  localhost:3306 ssl  tbd2  SQL > SHOW TABLES
                                     -> ;
+----------------+
| Tables_in_tbd2 |
+----------------+
| asignatura     |
| cliente        |
| detallehorario |
| estudiante     |
| horario        |
| producto       |
| venta          |
| venta_detalle  |
+----------------+
8 rows in set (0.0025 sec)
 MySQL  localhost:3306 ssl  tbd2  SQL > DESC venta
                                     -> ;
+-----------+------+------+-----+---------+----------------+
| Field     | Type | Null | Key | Default | Extra          |
+-----------+------+------+-----+---------+----------------+
| IDventa   | int  | NO   | PRI | NULL    | auto_increment |
| Fecha     | date | NO   |     | NULL    |                |
| IDcliente | int  | NO   | MUL | NULL    |                |
+-----------+------+------+-----+---------+----------------+
3 rows in set (0.0043 sec)
 MySQL  localhost:3306 ssl  tbd2  SQL > SHOW TABLES ;
+----------------+
| Tables_in_tbd2 |
+----------------+
| asignatura     |
| cliente        |
| detallehorario |
| estudiante     |
| horario        |
| producto       |
| venta          |
| venta_detalle  |
+----------------+
8 rows in set (0.0021 sec)
 MySQL  localhost:3306 ssl  tbd2  SQL > DESC venta_detalle;
+----------------+------+------+-----+---------+----------------+
| Field          | Type | Null | Key | Default | Extra          |
+----------------+------+------+-----+---------+----------------+
| IDventadetalle | int  | NO   | PRI | NULL    | auto_increment |
| IDventa        | int  | NO   | MUL | NULL    |                |
| IDproducto     | int  | NO   | MUL | NULL    |                |
| cantidad       | int  | YES  |     | NULL    |                |
+----------------+------+------+-----+---------+----------------+
4 rows in set (0.0037 sec)
 MySQL  localhost:3306 ssl  tbd2  SQL > SHOW CREATE TABLE venta;
+-------+---------------------------------------------------------------------------------------------------------------------------------------------------------------------------------------------------------------------------------------------------------------------------------------------------------------------------------------------------------------+
| Table | Create Table                                                                                                                                                                                                                                                                                                                                                  |
+-------+---------------------------------------------------------------------------------------------------------------------------------------------------------------------------------------------------------------------------------------------------------------------------------------------------------------------------------------------------------------+
| venta | CREATE TABLE `venta` (
  `IDventa` int NOT NULL AUTO_INCREMENT,
  `Fecha` date NOT NULL,
  `IDcliente` int NOT NULL,
  PRIMARY KEY (`IDventa`),
  KEY `IDcliente` (`IDcliente`),
  CONSTRAINT `venta_ibfk_1` FOREIGN KEY (`IDcliente`) REFERENCES `cliente` (`IDcliente`)
) ENGINE=InnoDB AUTO_INCREMENT=6 DEFAULT CHARSET=utf8mb4 COLLATE=utf8mb4_0900_ai_ci |
+-------+---------------------------------------------------------------------------------------------------------------------------------------------------------------------------------------------------------------------------------------------------------------------------------------------------------------------------------------------------------------+
1 row in set (0.0262 sec)
 MySQL  localhost:3306 ssl  tbd2  SQL > SHOW CREATE TABLE venta_detalle;
+---------------+------------------------------------------------------------------------------------------------------------------------------------------------------------------------------------------------------------------------------------------------------------------------------------------------------------------------------------------------------------------------------------------------------------------------------------------------------------------------------------------------------------------------------------------------------------+
| Table         | Create Table                                                                                                                                                                                                                                                                                                                                                                                                                                                                                                                                               |
+---------------+------------------------------------------------------------------------------------------------------------------------------------------------------------------------------------------------------------------------------------------------------------------------------------------------------------------------------------------------------------------------------------------------------------------------------------------------------------------------------------------------------------------------------------------------------------+
| venta_detalle | CREATE TABLE `venta_detalle` (
  `IDventadetalle` int NOT NULL AUTO_INCREMENT,
  `IDventa` int NOT NULL,
  `IDproducto` int NOT NULL,
  `cantidad` int DEFAULT NULL,
  PRIMARY KEY (`IDventadetalle`),
  KEY `IDventa` (`IDventa`),
  KEY `IDproducto` (`IDproducto`),
  CONSTRAINT `venta_detalle_ibfk_1` FOREIGN KEY (`IDventa`) REFERENCES `venta` (`IDventa`),
  CONSTRAINT `venta_detalle_ibfk_2` FOREIGN KEY (`IDproducto`) REFERENCES `producto` (`IDproducto`)
) ENGINE=InnoDB AUTO_INCREMENT=5 DEFAULT CHARSET=utf8mb4 COLLATE=utf8mb4_0900_ai_ci |
+---------------+------------------------------------------------------------------------------------------------------------------------------------------------------------------------------------------------------------------------------------------------------------------------------------------------------------------------------------------------------------------------------------------------------------------------------------------------------------------------------------------------------------------------------------------------------------+
1 row in set (0.0022 sec)
 MySQL  localhost:3306 ssl  tbd2  SQL > SHOW CREATE TABLE detallehorario;
+----------------+-------------------------------------------------------------------------------------------------------------------------------------------------------------------------------------------------------------------------------------------------------------------------------------------------------------------------------------------------------------------------------------------------------------------------------------------------------------------------------------------------------------------------------------------------------------------------------------------------------------------------+
| Table          | Create Table                                                                                                                                                                                                                                                                                                                                                                                                                                                                                                                                                                                                            |
+----------------+-------------------------------------------------------------------------------------------------------------------------------------------------------------------------------------------------------------------------------------------------------------------------------------------------------------------------------------------------------------------------------------------------------------------------------------------------------------------------------------------------------------------------------------------------------------------------------------------------------------------------+
| detallehorario | CREATE TABLE `detallehorario` (
  `IDdetalle` int NOT NULL AUTO_INCREMENT,
  `Idhorario` int NOT NULL,
  `IDasignatura` int NOT NULL,
  PRIMARY KEY (`IDdetalle`),
  KEY `Idhorario` (`Idhorario`),
  KEY `IDasignatura` (`IDasignatura`),
  CONSTRAINT `detallehorario_ibfk_1` FOREIGN KEY (`Idhorario`) REFERENCES `horario` (`IDhorario`) ON DELETE RESTRICT ON UPDATE CASCADE,
  CONSTRAINT `detallehorario_ibfk_2` FOREIGN KEY (`IDasignatura`) REFERENCES `asignatura` (`IDasignatura`) ON DELETE RESTRICT ON UPDATE CASCADE
) ENGINE=InnoDB AUTO_INCREMENT=10 DEFAULT CHARSET=utf8mb4 COLLATE=utf8mb4_0900_ai_ci |
+----------------+-------------------------------------------------------------------------------------------------------------------------------------------------------------------------------------------------------------------------------------------------------------------------------------------------------------------------------------------------------------------------------------------------------------------------------------------------------------------------------------------------------------------------------------------------------------------------------------------------------------------------+
1 row in set (0.0032 sec)
 MySQL  localhost:3306 ssl  tbd2  SQL > SHOW CREATE TABLE horario;
+---------+-----------------------------------------------------------------------------------------------------------------------------------------------------------------------------------------------------------------------------------------------------------------------------------------------------------------------------------------------------------------------------------------------------+
| Table   | Create Table                                                                                                                                                                                                                                                                                                                                                                                        |
+---------+-----------------------------------------------------------------------------------------------------------------------------------------------------------------------------------------------------------------------------------------------------------------------------------------------------------------------------------------------------------------------------------------------------+
| horario | CREATE TABLE `horario` (
  `IDhorario` int NOT NULL AUTO_INCREMENT,
  `IDestudiante` int NOT NULL,
  PRIMARY KEY (`IDhorario`),
  KEY `IDestudiante` (`IDestudiante`),
  CONSTRAINT `horario_ibfk_1` FOREIGN KEY (`IDestudiante`) REFERENCES `estudiante` (`IDestudiante`) ON DELETE RESTRICT ON UPDATE CASCADE
) ENGINE=InnoDB AUTO_INCREMENT=6 DEFAULT CHARSET=utf8mb4 COLLATE=utf8mb4_0900_ai_ci |
+---------+-----------------------------------------------------------------------------------------------------------------------------------------------------------------------------------------------------------------------------------------------------------------------------------------------------------------------------------------------------------------------------------------------------+
1 row in set (0.0041 sec)
 MySQL  localhost:3306 ssl  tbd2  SQL > SELECT * FROM estudiante;
+--------------+------------------+------------+
| IDestudiante | Nombre           | FechaNac   |
+--------------+------------------+------------+
|            2 | Ever Pinto       | 2003-02-16 |
|            3 | Armando Alvidrez | 2002-12-06 |
|           10 | Valeria Torres   | 2004-03-18 |
+--------------+------------------+------------+
3 rows in set (0.0290 sec)
 MySQL  localhost:3306 ssl  tbd2  SQL > SELECT * FROM horario;
+-----------+--------------+
| IDhorario | IDestudiante |
+-----------+--------------+
|         2 |            2 |
|         3 |            3 |
|         5 |           10 |
+-----------+--------------+
3 rows in set (0.0142 sec)
 MySQL  localhost:3306 ssl  tbd2  SQL > SELECT * FROM detallehorario;
+-----------+-----------+--------------+
| IDdetalle | Idhorario | IDasignatura |
+-----------+-----------+--------------+
|         1 |         5 |            1 |
|         2 |         5 |            2 |
|         3 |         5 |            3 |
|         4 |         2 |            1 |
|         5 |         2 |            2 |
|         6 |         2 |            3 |
|         7 |         3 |            1 |
|         8 |         3 |            2 |
|         9 |         3 |            3 |
+-----------+-----------+--------------+
9 rows in set (0.0252 sec)
 MySQL  localhost:3306 ssl  tbd2  SQL > SELECT * FROM asignatura;
+--------------+-------------------------+----------+
| IDasignatura | Nombre                  | Creditos |
+--------------+-------------------------+----------+
|            1 | Taller de Base de Datos |        4 |
|            2 | Lenguajes y Automatas   |        5 |
|            3 | Ingenieria de Software  |        5 |
+--------------+-------------------------+----------+
3 rows in set (0.0299 sec)
 MySQL  localhost:3306 ssl  tbd2  SQL > SHOW CREATE TABLE horario;
+---------+-----------------------------------------------------------------------------------------------------------------------------------------------------------------------------------------------------------------------------------------------------------------------------------------------------------------------------------------------------------------------------------------------------+
| Table   | Create Table                                                                                                                                                                                                                                                                                                                                                                                        |
+---------+-----------------------------------------------------------------------------------------------------------------------------------------------------------------------------------------------------------------------------------------------------------------------------------------------------------------------------------------------------------------------------------------------------+
| horario | CREATE TABLE `horario` (
  `IDhorario` int NOT NULL AUTO_INCREMENT,
  `IDestudiante` int NOT NULL,
  PRIMARY KEY (`IDhorario`),
  KEY `IDestudiante` (`IDestudiante`),
  CONSTRAINT `horario_ibfk_1` FOREIGN KEY (`IDestudiante`) REFERENCES `estudiante` (`IDestudiante`) ON DELETE RESTRICT ON UPDATE CASCADE
) ENGINE=InnoDB AUTO_INCREMENT=6 DEFAULT CHARSET=utf8mb4 COLLATE=utf8mb4_0900_ai_ci |
+---------+-----------------------------------------------------------------------------------------------------------------------------------------------------------------------------------------------------------------------------------------------------------------------------------------------------------------------------------------------------------------------------------------------------+
1 row in set (0.0010 sec)
 MySQL  localhost:3306 ssl  tbd2  SQL > ALTER TABLE horario
                                     -> DROP CONSTRAINT horario_ibfk_1;
Query OK, 0 rows affected (0.0513 sec)

Records: 0  Duplicates: 0  Warnings: 0
 MySQL  localhost:3306 ssl  tbd2  SQL > ALTER TABLE horario
                                     -> ADD CONSTRAINT FOREIGN KEY (IDestudiantes) REFERENCES estudiante (IDestudiante) ON DELETE CASCADE ON UPDATE CASCADE
                                     -> ;
ERROR: 1072 (42000): Key column 'IDestudiantes' doesn't exist in table
 MySQL  localhost:3306 ssl  tbd2  SQL > ALTER TABLE horario ADD CONSTRAINT FOREIGN KEY (IDestudiante) REFERENCES estudiante (IDestudiante) ON DELETE CASCADE ON UPDATE CASCADE ;
Query OK, 3 rows affected (0.1106 sec)

Records: 3  Duplicates: 0  Warnings: 0
 MySQL  localhost:3306 ssl  tbd2  SQL > SHOW CREATE TABLE horario;
+---------+----------------------------------------------------------------------------------------------------------------------------------------------------------------------------------------------------------------------------------------------------------------------------------------------------------------------------------------------------------------------------------------------------+
| Table   | Create Table                                                                                                                                                                                                                                                                                                                                                                                       |
+---------+----------------------------------------------------------------------------------------------------------------------------------------------------------------------------------------------------------------------------------------------------------------------------------------------------------------------------------------------------------------------------------------------------+
| horario | CREATE TABLE `horario` (
  `IDhorario` int NOT NULL AUTO_INCREMENT,
  `IDestudiante` int NOT NULL,
  PRIMARY KEY (`IDhorario`),
  KEY `IDestudiante` (`IDestudiante`),
  CONSTRAINT `horario_ibfk_1` FOREIGN KEY (`IDestudiante`) REFERENCES `estudiante` (`IDestudiante`) ON DELETE CASCADE ON UPDATE CASCADE
) ENGINE=InnoDB AUTO_INCREMENT=6 DEFAULT CHARSET=utf8mb4 COLLATE=utf8mb4_0900_ai_ci |
+---------+----------------------------------------------------------------------------------------------------------------------------------------------------------------------------------------------------------------------------------------------------------------------------------------------------------------------------------------------------------------------------------------------------+
1 row in set (0.0012 sec)
 MySQL  localhost:3306 ssl  tbd2  SQL > SHOW CREATE TABLE detallehorario;
+----------------+-------------------------------------------------------------------------------------------------------------------------------------------------------------------------------------------------------------------------------------------------------------------------------------------------------------------------------------------------------------------------------------------------------------------------------------------------------------------------------------------------------------------------------------------------------------------------------------------------------------------------+
| Table          | Create Table                                                                                                                                                                                                                                                                                                                                                                                                                                                                                                                                                                                                            |
+----------------+-------------------------------------------------------------------------------------------------------------------------------------------------------------------------------------------------------------------------------------------------------------------------------------------------------------------------------------------------------------------------------------------------------------------------------------------------------------------------------------------------------------------------------------------------------------------------------------------------------------------------+
| detallehorario | CREATE TABLE `detallehorario` (
  `IDdetalle` int NOT NULL AUTO_INCREMENT,
  `Idhorario` int NOT NULL,
  `IDasignatura` int NOT NULL,
  PRIMARY KEY (`IDdetalle`),
  KEY `Idhorario` (`Idhorario`),
  KEY `IDasignatura` (`IDasignatura`),
  CONSTRAINT `detallehorario_ibfk_1` FOREIGN KEY (`Idhorario`) REFERENCES `horario` (`IDhorario`) ON DELETE RESTRICT ON UPDATE CASCADE,
  CONSTRAINT `detallehorario_ibfk_2` FOREIGN KEY (`IDasignatura`) REFERENCES `asignatura` (`IDasignatura`) ON DELETE RESTRICT ON UPDATE CASCADE
) ENGINE=InnoDB AUTO_INCREMENT=10 DEFAULT CHARSET=utf8mb4 COLLATE=utf8mb4_0900_ai_ci |
+----------------+-------------------------------------------------------------------------------------------------------------------------------------------------------------------------------------------------------------------------------------------------------------------------------------------------------------------------------------------------------------------------------------------------------------------------------------------------------------------------------------------------------------------------------------------------------------------------------------------------------------------------+
1 row in set (0.0026 sec)
 MySQL  localhost:3306 ssl  tbd2  SQL > ALTER TABLE horario DROP CONSTRAINT detallehorario_ibfk_1;
ERROR: 3940 (HY000): Constraint 'detallehorario_ibfk_1' does not exist.
 MySQL  localhost:3306 ssl  tbd2  SQL > ALTER TABLE detallehorario DROP CONSTRAINT detallehorario_ibfk_1;
Query OK, 0 rows affected (0.0228 sec)

Records: 0  Duplicates: 0  Warnings: 0
 MySQL  localhost:3306 ssl  tbd2  SQL > ALTER TABLE detallehorario ADD CONSTRAINT FOREIGN KEY (Idhorario) REFERENCES horario(IDhorario) ON DELETE CASCADE ON UPDATE CASCADE ;
Query OK, 9 rows affected (0.1054 sec)

Records: 9  Duplicates: 0  Warnings: 0
 MySQL  localhost:3306 ssl  tbd2  SQL > ALTER TABLE horario DROP CONSTRAINT detallehorario_ibfk_2;
ERROR: 3940 (HY000): Constraint 'detallehorario_ibfk_2' does not exist.
 MySQL  localhost:3306 ssl  tbd2  SQL > ALTER TABLE detallehorario DROP CONSTRAINT detallehorario_ibfk_2;
Query OK, 0 rows affected (0.0283 sec)

Records: 0  Duplicates: 0  Warnings: 0
 MySQL  localhost:3306 ssl  tbd2  SQL > ALTER TABLE detallehorario ADD CONSTRAINT FOREIGN KEY (ISasignatura) REFERENCES asignaturas (IDasignatura) ON DELETE CASCADE ON UPDATE CASCADE ;
ERROR: 1072 (42000): Key column 'ISasignatura' doesn't exist in table
 MySQL  localhost:3306 ssl  tbd2  SQL > ALTER TABLE detallehorario ADD CONSTRAINT FOREIGN KEY (IDasignatura) REFERENCES asignaturas (IDasignatura) ON DELETE CASCADE ON UPDATE CASCADE ;
ERROR: 1824 (HY000): Failed to open the referenced table 'asignaturas'
 MySQL  localhost:3306 ssl  tbd2  SQL > ALTER TABLE detallehorario ADD CONSTRAINT FOREIGN KEY (IDasignatura) REFERENCES asignatura (IDasignatura) ON DELETE CASCADE ON UPDATE CASCADE ;
Query OK, 9 rows affected (0.1071 sec)

Records: 9  Duplicates: 0  Warnings: 0
 MySQL  localhost:3306 ssl  tbd2  SQL > SHOW CREATE TABLE venta_detalle;
+---------------+------------------------------------------------------------------------------------------------------------------------------------------------------------------------------------------------------------------------------------------------------------------------------------------------------------------------------------------------------------------------------------------------------------------------------------------------------------------------------------------------------------------------------------------------------------+
| Table         | Create Table                                                                                                                                                                                                                                                                                                                                                                                                                                                                                                                                               |
+---------------+------------------------------------------------------------------------------------------------------------------------------------------------------------------------------------------------------------------------------------------------------------------------------------------------------------------------------------------------------------------------------------------------------------------------------------------------------------------------------------------------------------------------------------------------------------+
| venta_detalle | CREATE TABLE `venta_detalle` (
  `IDventadetalle` int NOT NULL AUTO_INCREMENT,
  `IDventa` int NOT NULL,
  `IDproducto` int NOT NULL,
  `cantidad` int DEFAULT NULL,
  PRIMARY KEY (`IDventadetalle`),
  KEY `IDventa` (`IDventa`),
  KEY `IDproducto` (`IDproducto`),
  CONSTRAINT `venta_detalle_ibfk_1` FOREIGN KEY (`IDventa`) REFERENCES `venta` (`IDventa`),
  CONSTRAINT `venta_detalle_ibfk_2` FOREIGN KEY (`IDproducto`) REFERENCES `producto` (`IDproducto`)
) ENGINE=InnoDB AUTO_INCREMENT=5 DEFAULT CHARSET=utf8mb4 COLLATE=utf8mb4_0900_ai_ci |
+---------------+------------------------------------------------------------------------------------------------------------------------------------------------------------------------------------------------------------------------------------------------------------------------------------------------------------------------------------------------------------------------------------------------------------------------------------------------------------------------------------------------------------------------------------------------------------+
1 row in set (0.0012 sec)
 MySQL  localhost:3306 ssl  tbd2  SQL > SHOW CREATE TABLE venta;
+-------+---------------------------------------------------------------------------------------------------------------------------------------------------------------------------------------------------------------------------------------------------------------------------------------------------------------------------------------------------------------+
| Table | Create Table                                                                                                                                                                                                                                                                                                                                                  |
+-------+---------------------------------------------------------------------------------------------------------------------------------------------------------------------------------------------------------------------------------------------------------------------------------------------------------------------------------------------------------------+
| venta | CREATE TABLE `venta` (
  `IDventa` int NOT NULL AUTO_INCREMENT,
  `Fecha` date NOT NULL,
  `IDcliente` int NOT NULL,
  PRIMARY KEY (`IDventa`),
  KEY `IDcliente` (`IDcliente`),
  CONSTRAINT `venta_ibfk_1` FOREIGN KEY (`IDcliente`) REFERENCES `cliente` (`IDcliente`)
) ENGINE=InnoDB AUTO_INCREMENT=6 DEFAULT CHARSET=utf8mb4 COLLATE=utf8mb4_0900_ai_ci |
+-------+---------------------------------------------------------------------------------------------------------------------------------------------------------------------------------------------------------------------------------------------------------------------------------------------------------------------------------------------------------------+
1 row in set (0.0011 sec)
 MySQL  localhost:3306 ssl  tbd2  SQL > SHOW CREATE TABLE detallehorario;
+----------------+-----------------------------------------------------------------------------------------------------------------------------------------------------------------------------------------------------------------------------------------------------------------------------------------------------------------------------------------------------------------------------------------------------------------------------------------------------------------------------------------------------------------------------------------------------------------------------------------------------------------------+
| Table          | Create Table                                                                                                                                                                                                                                                                                                                                                                                                                                                                                                                                                                                                          |
+----------------+-----------------------------------------------------------------------------------------------------------------------------------------------------------------------------------------------------------------------------------------------------------------------------------------------------------------------------------------------------------------------------------------------------------------------------------------------------------------------------------------------------------------------------------------------------------------------------------------------------------------------+
| detallehorario | CREATE TABLE `detallehorario` (
  `IDdetalle` int NOT NULL AUTO_INCREMENT,
  `Idhorario` int NOT NULL,
  `IDasignatura` int NOT NULL,
  PRIMARY KEY (`IDdetalle`),
  KEY `Idhorario` (`Idhorario`),
  KEY `IDasignatura` (`IDasignatura`),
  CONSTRAINT `detallehorario_ibfk_3` FOREIGN KEY (`Idhorario`) REFERENCES `horario` (`IDhorario`) ON DELETE CASCADE ON UPDATE CASCADE,
  CONSTRAINT `detallehorario_ibfk_4` FOREIGN KEY (`IDasignatura`) REFERENCES `asignatura` (`IDasignatura`) ON DELETE CASCADE ON UPDATE CASCADE
) ENGINE=InnoDB AUTO_INCREMENT=10 DEFAULT CHARSET=utf8mb4 COLLATE=utf8mb4_0900_ai_ci |
+----------------+-----------------------------------------------------------------------------------------------------------------------------------------------------------------------------------------------------------------------------------------------------------------------------------------------------------------------------------------------------------------------------------------------------------------------------------------------------------------------------------------------------------------------------------------------------------------------------------------------------------------------+
1 row in set (0.0011 sec)
 MySQL  localhost:3306 ssl  tbd2  SQL > SELECT * FROM detallehorario;
+-----------+-----------+--------------+
| IDdetalle | Idhorario | IDasignatura |
+-----------+-----------+--------------+
|         1 |         5 |            1 |
|         2 |         5 |            2 |
|         3 |         5 |            3 |
|         4 |         2 |            1 |
|         5 |         2 |            2 |
|         6 |         2 |            3 |
|         7 |         3 |            1 |
|         8 |         3 |            2 |
|         9 |         3 |            3 |
+-----------+-----------+--------------+
9 rows in set (0.0012 sec)
 MySQL  localhost:3306 ssl  tbd2  SQL > SELECT * FROM horario;
+-----------+--------------+
| IDhorario | IDestudiante |
+-----------+--------------+
|         2 |            2 |
|         3 |            3 |
|         5 |           10 |
+-----------+--------------+
3 rows in set (0.0011 sec)
 MySQL  localhost:3306 ssl  tbd2  SQL > SELECT * FROM horario WHERE IDhorario = 5;
+-----------+--------------+
| IDhorario | IDestudiante |
+-----------+--------------+
|         5 |           10 |
+-----------+--------------+
1 row in set (0.0010 sec)
 MySQL  localhost:3306 ssl  tbd2  SQL > SELECT * FROM estudiante WHERE IDestudiante = 5;
Empty set (0.0026 sec)
 MySQL  localhost:3306 ssl  tbd2  SQL > SELECT * FROM estudiante WHERE IDestudiante = 10;
+--------------+----------------+------------+
| IDestudiante | Nombre         | FechaNac   |
+--------------+----------------+------------+
|           10 | Valeria Torres | 2004-03-18 |
+--------------+----------------+------------+
1 row in set (0.0011 sec)
 MySQL  localhost:3306 ssl  tbd2  SQL > SELECT * FROM asignatura;
+--------------+-------------------------+----------+
| IDasignatura | Nombre                  | Creditos |
+--------------+-------------------------+----------+
|            1 | Taller de Base de Datos |        4 |
|            2 | Lenguajes y Automatas   |        5 |
|            3 | Ingenieria de Software  |        5 |
+--------------+-------------------------+----------+
3 rows in set (0.0031 sec)
 MySQL  localhost:3306 ssl  tbd2  SQL > SELECT * FROM estudiante;
+--------------+------------------+------------+
| IDestudiante | Nombre           | FechaNac   |
+--------------+------------------+------------+
|            2 | Ever Pinto       | 2003-02-16 |
|            3 | Armando Alvidrez | 2002-12-06 |
|           10 | Valeria Torres   | 2004-03-18 |
+--------------+------------------+------------+
3 rows in set (0.0010 sec)
 MySQL  localhost:3306 ssl  tbd2  SQL > DELETE FROM estudiante WHERE IDestudiante =10;
Query OK, 1 row affected (0.0170 sec)
 MySQL  localhost:3306 ssl  tbd2  SQL > SELECT * FROM estudiante;
+--------------+------------------+------------+
| IDestudiante | Nombre           | FechaNac   |
+--------------+------------------+------------+
|            2 | Ever Pinto       | 2003-02-16 |
|            3 | Armando Alvidrez | 2002-12-06 |
+--------------+------------------+------------+
2 rows in set (0.0007 sec)
 MySQL  localhost:3306 ssl  tbd2  SQL > SELECT * FROM horario;
+-----------+--------------+
| IDhorario | IDestudiante |
+-----------+--------------+
|         2 |            2 |
|         3 |            3 |
+-----------+--------------+
2 rows in set (0.0009 sec)
 MySQL  localhost:3306 ssl  tbd2  SQL > SELECT * FROM detallehorario;
+-----------+-----------+--------------+
| IDdetalle | Idhorario | IDasignatura |
+-----------+-----------+--------------+
|         4 |         2 |            1 |
|         5 |         2 |            2 |
|         6 |         2 |            3 |
|         7 |         3 |            1 |
|         8 |         3 |            2 |
|         9 |         3 |            3 |
+-----------+-----------+--------------+
6 rows in set (0.0009 sec)
 MySQL  localhost:3306 ssl  tbd2  SQL > USE sakila;
Default schema set to `sakila`.
Fetching global names, object names from `sakila` for auto-completion... Press ^C to stop.
 MySQL  localhost:3306 ssl  sakila  SQL > SHOW TABLES ;
+----------------------------+
| Tables_in_sakila           |
+----------------------------+
| actor                      |
| actor_info                 |
| address                    |
| category                   |
| city                       |
| country                    |
| customer                   |
| customer_list              |
| film                       |
| film_actor                 |
| film_category              |
| film_list                  |
| film_text                  |
| inventory                  |
| language                   |
| nicer_but_slower_film_list |
| payment                    |
| rental                     |
| sales_by_film_category     |
| sales_by_store             |
| staff                      |
| staff_list                 |
| store                      |
+----------------------------+
23 rows in set (0.0032 sec)
 MySQL  localhost:3306 ssl  sakila  SQL > USE tbd2;
Default schema set to `tbd2`.
Fetching global names, object names from `tbd2` for auto-completion... Press ^C to stop.
 MySQL  localhost:3306 ssl  tbd2  SQL > SHOW TABLES ;
+----------------+
| Tables_in_tbd2 |
+----------------+
| asignatura     |
| cliente        |
| detallehorario |
| estudiante     |
| horario        |
| producto       |
| venta          |
| venta_detalle  |
+----------------+
8 rows in set (0.0033 sec)
 MySQL  localhost:3306 ssl  tbd2  SQL > SELECT * FROM venta;
+---------+------------+-----------+
| IDventa | Fecha      | IDcliente |
+---------+------------+-----------+
|       3 | 2025-08-30 |         2 |
|       4 | 2025-08-30 |         3 |
|       5 | 2025-08-30 |         3 |
+---------+------------+-----------+
3 rows in set (0.0301 sec)
 MySQL  localhost:3306 ssl  tbd2  SQL > SELECT * FROM cliente;
+-----------+--------+---------------+
| IDcliente | nombre | RFC           |
+-----------+--------+---------------+
|         2 | Juana  | RTFD879632578 |
|         3 | Sofia  | FIPT896352147 |
+-----------+--------+---------------+
2 rows in set (0.0306 sec)
 MySQL  localhost:3306 ssl  tbd2  SQL > INSERT INTO cliente(nombre, rfc)
                                     -> VALUE('Juana', 'ASD123');
Query OK, 1 row affected (0.0170 sec)
 MySQL  localhost:3306 ssl  tbd2  SQL > SELECT * FROM cliente;
+-----------+--------+---------------+
| IDcliente | nombre | RFC           |
+-----------+--------+---------------+
|         2 | Juana  | RTFD879632578 |
|         3 | Sofia  | FIPT896352147 |
|         4 | Juana  | ASD123        |
+-----------+--------+---------------+
3 rows in set (0.0009 sec)
 MySQL  localhost:3306 ssl  tbd2  SQL > SELECT * FROM venta_detalle;
+----------------+---------+------------+----------+
| IDventadetalle | IDventa | IDproducto | cantidad |
+----------------+---------+------------+----------+
|              1 |       3 |          1 |        5 |
|              2 |       3 |          2 |        1 |
|              3 |       4 |          3 |       10 |
|              4 |       5 |          1 |        1 |
+----------------+---------+------------+----------+
4 rows in set (0.0239 sec)
 MySQL  localhost:3306 ssl  tbd2  SQL > SELECT * FROM venta;
+---------+------------+-----------+
| IDventa | Fecha      | IDcliente |
+---------+------------+-----------+
|       3 | 2025-08-30 |         2 |
|       4 | 2025-08-30 |         3 |
|       5 | 2025-08-30 |         3 |
+---------+------------+-----------+
3 rows in set (0.0009 sec)
 MySQL  localhost:3306 ssl  tbd2  SQL > SELECT * FROM cliente;
+-----------+--------+---------------+
| IDcliente | nombre | RFC           |
+-----------+--------+---------------+
|         2 | Juana  | RTFD879632578 |
|         3 | Sofia  | FIPT896352147 |
|         4 | Juana  | ASD123        |
+-----------+--------+---------------+
3 rows in set (0.0010 sec)
 MySQL  localhost:3306 ssl  tbd2  SQL >
 MySQL  localhost:3306 ssl  tbd2  SQL > SELECT * FROM cliente WHERE IDcliente in (SELECT IDcliente FROM venta);
+-----------+--------+---------------+
| IDcliente | nombre | RFC           |
+-----------+--------+---------------+
|         2 | Juana  | RTFD879632578 |
|         3 | Sofia  | FIPT896352147 |
+-----------+--------+---------------+
2 rows in set (0.0130 sec)
 MySQL  localhost:3306 ssl  tbd2  SQL > SELECT IDcliente FROM venta;
+-----------+
| IDcliente |
+-----------+
|         2 |
|         3 |
|         3 |
+-----------+
3 rows in set (0.0009 sec)
 MySQL  localhost:3306 ssl  tbd2  SQL > SELECT DISTINCT IDcliente FROM venta;
+-----------+
| IDcliente |
+-----------+
|         2 |
|         3 |
+-----------+
2 rows in set (0.0125 sec)
 MySQL  localhost:3306 ssl  tbd2  SQL > SELECT * FROM cliente WHERE IDcliente in (SELECT DISTINCT IDcliente FROM venta);
+-----------+--------+---------------+
| IDcliente | nombre | RFC           |
+-----------+--------+---------------+
|         2 | Juana  | RTFD879632578 |
|         3 | Sofia  | FIPT896352147 |
+-----------+--------+---------------+
2 rows in set (0.0012 sec)
 MySQL  localhost:3306 ssl  tbd2  SQL > SELECT * FROM cliente WHERE IDcliente not in (SELECT DISTINCT IDcliente FROM venta);
+-----------+--------+--------+
| IDcliente | nombre | RFC    |
+-----------+--------+--------+
|         4 | Juana  | ASD123 |
+-----------+--------+--------+
1 row in set (0.0009 sec)
 MySQL  localhost:3306 ssl  tbd2  SQL > SELECT * FROM venta_detalle;
+----------------+---------+------------+----------+
| IDventadetalle | IDventa | IDproducto | cantidad |
+----------------+---------+------------+----------+
|              1 |       3 |          1 |        5 |
|              2 |       3 |          2 |        1 |
|              3 |       4 |          3 |       10 |
|              4 |       5 |          1 |        1 |
+----------------+---------+------------+----------+
4 rows in set (0.0010 sec)
 MySQL  localhost:3306 ssl  tbd2  SQL > DESC producto;
+------------+--------------+------+-----+---------+----------------+
| Field      | Type         | Null | Key | Default | Extra          |
+------------+--------------+------+-----+---------+----------------+
| IDproducto | int          | NO   | PRI | NULL    | auto_increment |
| nombre     | varchar(50)  | NO   |     | NULL    |                |
| precio     | decimal(8,2) | NO   |     | NULL    |                |
+------------+--------------+------+-----+---------+----------------+
3 rows in set (0.0056 sec)
 MySQL  localhost:3306 ssl  tbd2  SQL > SELECT * FROM producto WHERE IDproducto in (SELECT DISTINCT IDproducto FROM venta_detalle);
+------------+------------+----------+
| IDproducto | nombre     | precio   |
+------------+------------+----------+
|          1 | Celular    | 10000.00 |
|          2 | Television | 15456.20 |
|          3 | Laptop     | 35123.20 |
+------------+------------+----------+
3 rows in set (0.0308 sec)
 MySQL  localhost:3306 ssl  tbd2  SQL > SELECT * FROM producto WHERE IDproducto not in (SELECT DISTINCT IDproducto FROM venta_detalle);
Empty set (0.0010 sec)
 MySQL  localhost:3306 ssl  tbd2  SQL > SELECT COUNT(*) FROM producto WHERE IDproducto not in (SELECT DISTINCT IDproducto FROM venta_detalle);
+----------+
| COUNT(*) |
+----------+
|        0 |
+----------+
1 row in set (0.0159 sec)
 MySQL  localhost:3306 ssl  tbd2  SQL > SELECT COUNT(*) FROM producto WHERE IDproducto in (SELECT DISTINCT IDproducto FROM venta_detalle);
+----------+
| COUNT(*) |
+----------+
|        3 |
+----------+
1 row in set (0.0015 sec)
 MySQL  localhost:3306 ssl  tbd2  SQL >